[2J[H[38;5;51m+------------------------------------------------------------------------------+[0m
[38;5;51m|[0m [1;38;5;226mBURMISTER.COM BBS[0m [38;5;250m// MAIN MENU[0m                                               [38;5;51m|[0m
[38;5;51m+------------------------------------------------------------------------------+[0m

[38;5;46m[A][0m  About
[38;5;46m[G][0m  Guestbook
[38;5;46m[C][0m  Download CV.pdf
[38;5;46m[D][0m  Door games
[38;5;196m[B][0m  Bye! Log off

[38;5;244mType a menu key and press ENTER.[0m

