@@@

[033[92m▖▖▘   ▘▄ ▘    
▙▘▌▌▌▌▌▙▘▌▛▌▛▘
▌▌▌▚▚▘▌▙▘▌▙▌▄▌

[37mKiwiBios — v1.0, An Energy Star Ally
Copyright (C) 2026, Award Software, Inc.

256MB OK
@@@
Initializing...

@@@
Preparing terminal interface...                         %%%
@@@
Loading TypeScript systems...                           %%%
@@@

Boot sequence complete. Access granted: [GUEST]
[Type 'HELP' for commands]