[0;37;40m                                                                                
                     [0;36;44m░░[0;37;40m                                                         
                   [0;34;40m▄███████████████████▄▄▄[0;37;40m                                      
               [0;34;40m▄█████▀▀▀▀▀▀▀▀████████████████▄▄▄▄[0;37;40m                               
               [0;34;40m██▀▀▀[1;32;40m▄█[1;32;42m▓[1;32;46m█[1;32;40m▀▀█[1;32;42m▓[1;32;40m█▄[0;34;40m▀▀███████████████████▄[0;37;40m                            
              [0;34;40m██▌[1;33;40m░▒▒[0;32;42m█▓▓[0;33;40m▒▒[0;32;40m▐[0;32;42m█▓▓[0;33;40m░░[0;34;40m▐█████[0;36;44m░░[0;34;40m█████[0;36;44m▒▒[0;34;40m██████▌[0;37;40m                           
              [0;34;40m▐██▄▄[0;37;40m [1;32;42m▓▒▒▓[0;37;40m  [1;32;42m▓▒▓[1;32;40m▀[0;34;40m▄██████████████████████[0;37;40m                           
              [0;34;40m█████[0;37;40m [1;32;42m▒░░▒[1;32;40m▀▀[1;32;42m▒░[1;32;40m▄[0;37;40m [0;34;40m▀▀▀▀▀▀▀▀▀▀▀▀▀▀▀▀▀▀▀▀▀██[0;37;40m                           
              [0;34;40m███▀▀[0;37;40m [1;32;42m░  ░[0;37;40m  [0;32;40m▐[1;32;42m ░[0;32;40m▀[1;32;40m▄[1;32;42m█▓█[1;32;40m▌[0;37;40m [1;32;42m█▓[1;32;40m▀▄[1;32;42m█▓█[1;32;40m▀▀[1;32;42m█▓█[1;32;40m▄[0;33;40m░░[0;34;40m▐█▌[0;37;40m                          
              [0;34;40m▐█▌[0;36;40m░░░[1;32;42m [0;30;42m░░[0;32;42m [0;36;40m▒[0;37;40m [1;30;42m ░[0;36;40m▒[1;32;42m█▓▓█[0;37;40m  [1;32;42m█▓[0;36;40m▒▒[1;32;42m█▓█[0;37;40m  [1;32;40m▀▀▀▀[0;34;40m▄▄▄██[0;36;44m▒▒[0;37;40m                         
              [0;34;40m▐██▄▄[0;37;40m [1;30;42m░▒▒░[0;37;40m   [1;30;42m▒[0;32;40m▌[1;32;42m▓▒▒▓[0;36;40m░░[0;37;40m [1;32;42m▒[1;32;40m▌[1;32;42m▓▒▒▒▓[1;32;40m▀▀[0;37;40m [0;34;40m▀▀█▀▀██[0;37;40m                           
              [0;36;44m▒▒[0;34;40m███[0;37;40m [1;30;42m▒▓▓▒[0;37;40m  [1;30;42m▒▓▒[0;32;40m▐[1;32;42m▒░░▒[0;37;40m  [1;32;42m░▒[0;32;40m▐[1;32;42m░░░▒[0;37;40m [0;32;40m▐[1;32;42m░▒░[0;32;40m▄[0;36;40m▒▒[0;34;40m▐▌[0;37;40m                           
              [0;34;40m ███▌░▒▒[1;30;42m█▓█[1;30;40m▄▄[1;30;42m█▓█[1;30;40m▄[0;32;40m▀[1;32;42m░  ░[0;32;40m▄[1;32;42m░ [0;32;40m▄▀[1;32;42m ░ [0;32;40m▄▄[1;32;42m░ ░[0;32;40m▀[0;34;40m▄██[0;37;40m                           
              [0;34;40m  ▀██▄▄▄▄▄▄▄▄▄▄▄▄[0;37;40m [0;32;40m▀▀▀[1;32;42m [0;30;42m░░ [0;37;40m [0;34;40m▄▄▄▄▄▄▄▄▄████▌[0;37;40m                          
              [0;34;40m     ▀▀███[0;36;44m▒▒[0;34;40m███▀[1;30;40m▄[1;30;42m▒░[0;32;40m▌[0;37;40m [1;30;42m░▒▒[0;34;40m▒░▐█[1;30;44m-lk[0;34;40m████████ [0;37;40m                          
              [0;34;40m   [0;37;40m [0;34;40m    ▀███▀▀[0;37;40m [1;30;42m▒▓▓▒[0;37;40m  [1;30;42m▒▓▓▒[0;34;40m▐██████████▀[0;37;40m                             
              [0;34;40m [0;37;40m       [0;34;40m ▐█▌▒▒[1;30;40m▀[1;30;42m▓█▓[1;30;40m▄▄█[1;30;42m▓█[1;30;40m▀[0;34;40m▄█[0;36;44m░▒[0;34;40m████▀[0;37;40m                                 
                        [0;34;40m▀▀▄▄▄▄▄▄▄▄▄▄▄██▀▀▀▀▀[0;37;40m                                    
                                                                                
       [1;30;40m■[0;37;40m t h a n k s   f o r   v i s i t i n g .   s e e   y o u ! [1;30;40m■[0;37;40m            
                                                                                
                                                                                
                                                                                
                                                                                
                                                                                [0m